// Jest Snapshot v1, https://goo.gl/fbAQLP

exports[`Home test 1`] = `
<CreateMain
  userData={
    Object {
      "project": Array [
        Object {
          "contentEditable": false,
          "link": "/dashboard/edit/z15z0m01o01g98x",
          "projectId": "z15z0m01o01g98x",
          "projectName": "New Project",
        },
      ],
      "providerId": "google.com",
      "userEmail": "yeitree1227@gmail.com",
      "userId": "Q40OMsyz9EP4uhxVfxKDKBgGg0U2",
    }
  }
/>
`;

exports[`Home test 2`] = `
<CreateMain
  userData={
    Object {
      "project": Array [
        Object {
          "contentEditable": false,
          "link": "/dashboard/edit/z15z0m01o01g98x",
          "projectId": "z15z0m01o01g98x",
          "projectName": "New Project",
        },
      ],
      "providerId": "google.com",
      "userEmail": "yeitree1227@gmail.com",
      "userId": "Q40OMsyz9EP4uhxVfxKDKBgGg0U2",
    }
  }
/>
`;
